// Vitest Snapshot v1, https://vitest.dev/guide/snapshot.html

exports[`settings-defs · control-inventory golden > pins the full ordered (id, type, tab) catalog as a golden 1`] = `
[
  "ManualGather2	multitoggle	Core",
  "gathermetal	boolean	Core",
  "BuyUpgradesNew	multitoggle	Core",
  "amalcoord	boolean	Core",
  "amalcoordt	value	Core",
  "amalcoordhd	value	Core",
  "amalcoordz	value	Core",
  "AutoAllocatePerks	multitoggle	Core",
  "fastallocate	boolean	Core",
  "TrapTrimps	boolean	Core",
  "AutoEggs	boolean	Core",
  "AutoBoneChargeMax	multitoggle	Core",
  "AutoBoneChargeMaxStartZone	value	Core",
  "RManualGather2	multitoggle	Core",
  "RTrapTrimps	boolean	Core",
  "RBuyUpgradesNew	multitoggle	Core",
  "RAutoAllocatePerks	multitoggle	Core",
  "Rdumpgreed	boolean	Core",
  "AutoPortal	dropdown	Core",
  "HeliumHourChallenge	dropdown	Core",
  "CustomAutoPortal	value	Core",
  "HeHrDontPortalBefore	value	Core",
  "HeliumHrBuffer	value	Core",
  "RAutoPortal	dropdown	Core",
  "RadonHourChallenge	dropdown	Core",
  "RCustomAutoPortal	value	Core",
  "RnHrDontPortalBefore	value	Core",
  "RadonHrBuffer	value	Core",
  "PauseScript	boolean	Core",
  "radonsettings	multitoggle	Core",
  "buyheliumy	value	Daily",
  "dfightforever	multitoggle	Daily",
  "avoidempower	boolean	Daily",
  "darmormagic	multitoggle	Daily",
  "dscryvoidmaps	boolean	Daily",
  "dIgnoreSpiresUntil	value	Daily",
  "dExitSpireCell	value	Daily",
  "dPreSpireNurseries	value	Daily",
  "use3daily	boolean	Daily",
  "dWindStackingMin	value	Daily",
  "dWindStackingMinHD	value	Daily",
  "dWindStackingMax	value	Daily",
  "dwindcutoff	value	Daily",
  "dwindcutoffmap	value	Daily",
  "liqstack	boolean	Daily",
  "dwsmax	value	Daily",
  "dwsmaxhd	value	Daily",
  "dPraidingzone	multiValue	Daily",
  "dPraidingcell	value	Daily",
  "dPraidingHD	value	Daily",
  "dPraidingP	value	Daily",
  "dPraidingI	value	Daily",
  "dPraidHarder	boolean	Daily",
  "dMaxPraidZone	multiValue	Daily",
  "dPraidFarmFragsZ	multiValue	Daily",
  "dPraidBeforeFarmZ	multiValue	Daily",
  "Dailybwraid	boolean	Daily",
  "dbwraidcell	value	Daily",
  "dBWraidingz	multiValue	Daily",
  "dBWraidingmax	multiValue	Daily",
  "Hdshrine	multitoggle	Daily",
  "Hdshrinemaz	infoclick	Daily",
  "Hdshrinezone	multiValue	Daily",
  "Hdshrinecell	multiValue	Daily",
  "Hdshrineamount	multiValue	Daily",
  "buyradony	value	Daily",
  "Rdfightforever	multitoggle	Daily",
  "Ravoidempower	boolean	Daily",
  "Rdarmormagic	multitoggle	Daily",
  "RdAMPraid	multitoggle	Daily",
  "RdAMPraidmaz	infoclick	Daily",
  "RdAMPraidzone	multiValue	Daily",
  "RdAMPraidraid	multiValue	Daily",
  "RdAMPraidcell	multiValue	Daily",
  "RdAMPraidfrag	multitoggle	Daily",
  "RdAMPraidrecycle	boolean	Daily",
  "Rdtimefarm	multitoggle	Daily",
  "Rdtimefarmmaz	infoclick	Daily",
  "Rdtimefarmzone	multiValue	Daily",
  "Rdtimefarmcell	multiValue	Daily",
  "Rdtimefarmtime	multiValue	Daily",
  "Rdtimefarmlevel	multiValue	Daily",
  "Rdtimefarmmap	textValue	Daily",
  "Rdtimefarmspecial	textValue	Daily",
  "Rdtimefarmgather	textValue	Daily",
  "dhighdmg	textValue	Daily",
  "dlowdmg	textValue	Daily",
  "Rdhs	multitoggle	Daily",
  "Rdhsshield	boolean	Daily",
  "Rdhsz	value	Daily",
  "Rdhs1	textValue	Daily",
  "Rdhs2	textValue	Daily",
  "Rdhsstaff	boolean	Daily",
  "Rdhsworldstaff	textValue	Daily",
  "Rdhsmapstaff	textValue	Daily",
  "Rdhstributestaff	textValue	Daily",
  "Rdshrine	multitoggle	Daily",
  "Rdshrinemaz	infoclick	Daily",
  "Rdshrinezone	multiValue	Daily",
  "Rdshrinecell	multiValue	Daily",
  "Rdshrineamount	multiValue	Daily",
  "AutoStartDaily	boolean	Daily",
  "u2daily	boolean	Daily",
  "AutoPortalDaily	multitoggle	Daily",
  "dHeliumHourChallenge	dropdown	Daily",
  "dCustomAutoPortal	value	Daily",
  "dHeHrDontPortalBefore	value	Daily",
  "dHeliumHrBuffer	value	Daily",
  "DailyVoidMod	value	Daily",
  "dvoidscell	value	Daily",
  "dRunNewVoidsUntilNew	value	Daily",
  "drunnewvoidspoison	boolean	Daily",
  "RAutoStartDaily	boolean	Daily",
  "u1daily	boolean	Daily",
  "RAutoPortalDaily	multitoggle	Daily",
  "RdHeliumHourChallenge	dropdown	Daily",
  "RdCustomAutoPortal	value	Daily",
  "RdHeHrDontPortalBefore	value	Daily",
  "RdHeliumHrBuffer	value	Daily",
  "RDailyVoidMod	value	Daily",
  "RdRunNewVoidsUntilNew	value	Daily",
  "FinishC2	value	C2",
  "buynojobsc	boolean	C2",
  "cfightforever	boolean	C2",
  "carmormagic	multitoggle	C2",
  "Rcarmormagic	multitoggle	C2",
  "mapc2hd	value	C2",
  "novmsc2	boolean	C2",
  "c2runnerstart	boolean	C2",
  "c2runnerportal	value	C2",
  "c2runnerpercent	value	C2",
  "c2table	infoclick	C2",
  "hidebuildings	boolean	Buildings",
  "BuyBuildingsNew	multitoggle	Buildings",
  "WarpstationCap	boolean	Buildings",
  "WarpstationCoordBuy	boolean	Buildings",
  "MaxHut	value	Buildings",
  "MaxHouse	value	Buildings",
  "MaxMansion	value	Buildings",
  "MaxHotel	value	Buildings",
  "MaxResort	value	Buildings",
  "MaxGateway	value	Buildings",
  "MaxWormhole	value	Buildings",
  "MaxCollector	value	Buildings",
  "MaxGym	value	Buildings",
  "MaxTribute	value	Buildings",
  "GymWall	value	Buildings",
  "FirstGigastation	value	Buildings",
  "DeltaGigastation	value	Buildings",
  "AutoGigas	boolean	Buildings",
  "CustomTargetZone	value	Buildings",
  "CustomDeltaFactor	value	Buildings",
  "WarpstationWall3	value	Buildings",
  "MaxNursery	value	Buildings",
  "NurseryWall	value	Buildings",
  "NoNurseriesUntil	value	Buildings",
  "RBuyBuildingsNew	boolean	Buildings",
  "RMaxHut	value	Buildings",
  "RMaxHouse	value	Buildings",
  "RMaxMansion	value	Buildings",
  "RMaxHotel	value	Buildings",
  "RMaxResort	value	Buildings",
  "RMaxGateway	value	Buildings",
  "RMaxCollector	value	Buildings",
  "RMaxTribute	value	Buildings",
  "RMaxLabs	value	Buildings",
  "Rmeltsmithy	value	Buildings",
  "Rsmithylogic	boolean	Buildings",
  "Rsmithynumber	value	Buildings",
  "Rsmithypercent	value	Buildings",
  "Rsmithyseconds	value	Buildings",
  "fuckjobs	boolean	Jobs",
  "BuyJobsNew	multitoggle	Jobs",
  "AutoMagmamancers	boolean	Jobs",
  "FarmerRatio	value	Jobs",
  "LumberjackRatio	value	Jobs",
  "MinerRatio	value	Jobs",
  "MaxScientists	value	Jobs",
  "MaxExplorers	value	Jobs",
  "MaxTrainers	value	Jobs",
  "RBuyJobsNew	multitoggle	Jobs",
  "RFarmerRatio	value	Jobs",
  "RLumberjackRatio	value	Jobs",
  "RMinerRatio	value	Jobs",
  "RMaxExplorers	value	Jobs",
  "Rshipfarmon	boolean	Jobs",
  "Rshipfarmzone	multiValue	Jobs",
  "Rshipfarmcell	value	Jobs",
  "Rshipfarmamount	multiValue	Jobs",
  "Rshipfarmlevel	multiValue	Jobs",
  "Rshipfarmfrag	boolean	Jobs",
  "BuyArmorNew	multitoggle	Gear",
  "BuyWeaponsNew	multitoggle	Gear",
  "CapEquip2	value	Gear",
  "CapEquiparm	value	Gear",
  "dmgcuntoff	value	Gear",
  "DynamicPrestige2	value	Gear",
  "Prestige	dropdown	Gear",
  "ForcePresZ	value	Gear",
  "PrestigeSkip1_2	multitoggle	Gear",
  "DelayArmorWhenNeeded	boolean	Gear",
  "BuyShieldblock	boolean	Gear",
  "trimpsnotdie	boolean	Gear",
  "gearamounttobuy	value	Gear",
  "always2	boolean	Gear",
  "Requipon	boolean	Gear",
  "Rdmgcuntoff	value	Gear",
  "Requipamount	value	Gear",
  "Requipcapattack	value	Gear",
  "Requipcaphealth	value	Gear",
  "Requipzone	value	Gear",
  "Requippercent	value	Gear",
  "Requip2	boolean	Gear",
  "Requipfarmon	boolean	Gear",
  "Requipfarmzone	value	Gear",
  "RequipfarmHD	value	Gear",
  "Requipfarmmult	value	Gear",
  "Requipfarmhits	value	Gear",
  "AutoMaps	multitoggle	Maps",
  "AMUblock	boolean	Maps",
  "AMUtrimple	boolean	Maps",
  "AMUprison	boolean	Maps",
  "AMUbw	boolean	Maps",
  "AMUstar	boolean	Maps",
  "automapsportal	boolean	Maps",
  "automapsalways	boolean	Maps",
  "DynamicSiphonology	boolean	Maps",
  "PreferMetal	boolean	Maps",
  "mapselection	dropdown	Maps",
  "MaxMapBonusAfterZone	value	Maps",
  "MaxMapBonuslimit	value	Maps",
  "MaxMapBonushealth	value	Maps",
  "mapcuntoff	value	Maps",
  "DisableFarm	value	Maps",
  "LowerFarmingZone	boolean	Maps",
  "FarmWhenNomStacks7	boolean	Maps",
  "VoidMaps	value	Maps",
  "voidscell	value	Maps",
  "RunNewVoidsUntilNew	value	Maps",
  "runnewvoidspoison	boolean	Maps",
  "onlystackedvoids	boolean	Maps",
  "TrimpleZ	valueNegative	Maps",
  "AdvMapSpecialModifier	boolean	Maps",
  "scryvoidmaps	boolean	Maps",
  "buywepsvoid	boolean	Maps",
  "farmWonders	boolean	Maps",
  "wondersAmount	value	Maps",
  "maxExpZone	value	Maps",
  "finishExpOnBw	value	Maps",
  "Hshrine	boolean	Maps",
  "Hshrinemaz	infoclick	Maps",
  "Hshrinezone	multiValue	Maps",
  "Hshrinecell	multiValue	Maps",
  "Hshrineamount	multiValue	Maps",
  "Hshrinecharge	value	Maps",
  "RAutoMaps	multitoggle	Maps",
  "Rautomapsportal	boolean	Maps",
  "Rautomapsalways	boolean	Maps",
  "Rmapselection	dropdown	Maps",
  "RMaxMapBonusAfterZone	value	Maps",
  "RMaxMapBonuslimit	value	Maps",
  "RMaxMapBonushealth	value	Maps",
  "Rhitssurvived	value	Maps",
  "Rmapcuntoff	value	Maps",
  "RDisableFarm	value	Maps",
  "RVoidMaps	value	Maps",
  "Rvoidscell	value	Maps",
  "RRunNewVoidsUntilNew	value	Maps",
  "Rprispalace	boolean	Maps",
  "Rmeltpoint	multiValue	Maps",
  "Rfrozencastle	multiValue	Maps",
  "Rtimefarm	boolean	Maps",
  "Rtimefarmmaz	infoclick	Maps",
  "Rtimefarmzone	multiValue	Maps",
  "Rtimefarmcell	multiValue	Maps",
  "Rtimefarmtime	multiValue	Maps",
  "Rtimefarmlevel	multiValue	Maps",
  "Rtimefarmmap	textValue	Maps",
  "Rtimefarmspecial	textValue	Maps",
  "Rtimefarmgather	textValue	Maps",
  "Rsmithyfarm	boolean	Maps",
  "Rsmithyfarmmaz	infoclick	Maps",
  "Rsmithyfarmzone	multiValue	Maps",
  "Rsmithyfarmcell	multiValue	Maps",
  "Rsmithyfarmamount	multiValue	Maps",
  "Rtributefarm	boolean	Maps",
  "Rtributefarmmaz	infoclick	Maps",
  "Rtributefarmzone	multiValue	Maps",
  "Rtributefarmcell	multiValue	Maps",
  "Rtributefarmamount	multiValue	Maps",
  "Rtributefarmlevel	multiValue	Maps",
  "Rtributemapselection	textValue	Maps",
  "Rtributespecialselection	textValue	Maps",
  "Rtributegatherselection	textValue	Maps",
  "Rshrine	boolean	Maps",
  "Rshrinemaz	infoclick	Maps",
  "Rshrinezone	multiValue	Maps",
  "Rshrinecell	multiValue	Maps",
  "Rshrineamount	multiValue	Maps",
  "Rshrinecharge	value	Maps",
  "MaxStacksForSpire	boolean	Spire",
  "MinutestoFarmBeforeSpire	value	Spire",
  "IgnoreSpiresUntil	value	Spire",
  "ExitSpireCell	value	Spire",
  "SpireBreedTimer	value	Spire",
  "PreSpireNurseries	value	Spire",
  "spireshitbuy	boolean	Spire",
  "SkipSpires	boolean	Spire",
  "Praidingzone	multiValue	Raiding",
  "Praidingcell	value	Raiding",
  "PraidingHD	value	Raiding",
  "PraidingP	value	Raiding",
  "PraidingI	value	Raiding",
  "PraidHarder	boolean	Raiding",
  "MaxPraidZone	multiValue	Raiding",
  "PraidFarmFragsZ	multiValue	Raiding",
  "PraidBeforeFarmZ	multiValue	Raiding",
  "BWraid	boolean	Raiding",
  "bwraidcell	value	Raiding",
  "BWraidingz	multiValue	Raiding",
  "BWraidingmax	multiValue	Raiding",
  "RAMPraid	boolean	Raiding",
  "RAMPraidmaz	infoclick	Raiding",
  "RAMPraidzone	multiValue	Raiding",
  "RAMPraidraid	multiValue	Raiding",
  "RAMPraidcell	multiValue	Raiding",
  "RAMPraidfrag	multitoggle	Raiding",
  "RAMPraidrecycle	boolean	Raiding",
  "windstackingfiller	boolean	Windstacking",
  "turnwson	boolean	Windstacking",
  "WindStackingMin	value	Windstacking",
  "WindStackingMinHD	value	Windstacking",
  "WindStackingMax	value	Windstacking",
  "windcutoff	value	Windstacking",
  "windcutoffmap	value	Windstacking",
  "wsmax	value	Windstacking",
  "wsmaxhd	value	Windstacking",
  "ATGA2	boolean	ATGA",
  "ATGA2gen	value	ATGA",
  "ATGA2timer	value	ATGA",
  "zATGA2timer	value	ATGA",
  "ztATGA2timer	value	ATGA",
  "ATGA2timerz	value	ATGA",
  "ATGA2timerzt	value	ATGA",
  "sATGA2timer	value	ATGA",
  "dsATGA2timer	value	ATGA",
  "dATGA2Auto	multitoggle	ATGA",
  "dATGA2timer	value	ATGA",
  "dhATGA2timer	value	ATGA",
  "cATGA2timer	value	ATGA",
  "chATGA2timer	value	ATGA",
  "Rchallengehide	boolean	Challenges",
  "Rchallengehidequag	boolean	Challenges",
  "Rchallengehidearch	boolean	Challenges",
  "Rchallengehidemayhem	boolean	Challenges",
  "Rchallengehidestorm	boolean	Challenges",
  "Rchallengehideinsanity	boolean	Challenges",
  "Rchallengehideexterminate	boolean	Challenges",
  "Rchallengehidenurture	boolean	Challenges",
  "Rchallengehidepanda	boolean	Challenges",
  "Rchallengehidealchemy	boolean	Challenges",
  "Rchallengehidehypothermia	boolean	Challenges",
  "Rchallengehidedeso	boolean	Challenges",
  "Rblackbog	boolean	Challenges",
  "Rblackbogmaz	infoclick	Challenges",
  "Rblackbogzone	multiValue	Challenges",
  "Rblackbogamount	multiValue	Challenges",
  "Rnurtureon	boolean	Challenges",
  "Rarchon	boolean	Challenges",
  "Rarchstring1	textValue	Challenges",
  "Rarchstring2	textValue	Challenges",
  "Rarchstring3	textValue	Challenges",
  "Rmayhemon	boolean	Challenges",
  "Rmayhemattack	boolean	Challenges",
  "Rmayhemhealth	boolean	Challenges",
  "Rmayhemabcut	value	Challenges",
  "Rmayhemamcut	value	Challenges",
  "Rmayhemhcut	value	Challenges",
  "Rmayhemmap	multitoggle	Challenges",
  "Rstormon	boolean	Challenges",
  "Rstormzone	value	Challenges",
  "RstormHD	value	Challenges",
  "Rstormmult	value	Challenges",
  "Rinsanityon	boolean	Challenges",
  "Rinsanitymaz	infoclick	Challenges",
  "Rinsanityfarmzone	multiValue	Challenges",
  "Rinsanityfarmcell	multiValue	Challenges",
  "Rinsanityfarmstack	multiValue	Challenges",
  "Rinsanityfarmlevel	multiValue	Challenges",
  "Rinsanityfarmfrag	boolean	Challenges",
  "Rexterminateon	boolean	Challenges",
  "Rexterminatecalc	boolean	Challenges",
  "Rexterminateeq	boolean	Challenges",
  "Rpandaon	boolean	Challenges",
  "Rpandamaps	boolean	Challenges",
  "Rpandazone	value	Challenges",
  "Rpandahits	value	Challenges",
  "Ralchon	boolean	Challenges",
  "Ralchfarmmaz	infoclick	Challenges",
  "Ralchfarmzone	multiValue	Challenges",
  "Ralchfarmcell	multiValue	Challenges",
  "Ralchfarmstack	textValue	Challenges",
  "Ralchfarmlevel	multiValue	Challenges",
  "Ralchfarmselection	textValue	Challenges",
  "Ralchfarmfrag	boolean	Challenges",
  "Rhypoon	boolean	Challenges",
  "Rhypofarmmaz	infoclick	Challenges",
  "Rhypofarmzone	multiValue	Challenges",
  "Rhypofarmcell	multiValue	Challenges",
  "Rhypofarmstack	multiValue	Challenges",
  "Rhypofarmlevel	multiValue	Challenges",
  "Rhypofarmfrag	boolean	Challenges",
  "Rhypocastle	value	Challenges",
  "Rhypovoids	boolean	Challenges",
  "Rhypostorage	boolean	Challenges",
  "Rdesoon	boolean	Challenges",
  "Rdesozone	value	Challenges",
  "RdesoHD	value	Challenges",
  "Rdesomult	value	Challenges",
  "BetterAutoFight	multitoggle	Combat",
  "AutoStance	multitoggle	Combat",
  "IgnoreCrits	multitoggle	Combat",
  "PowerSaving	multitoggle	Combat",
  "ForceAbandon	boolean	Combat",
  "DynamicGyms	boolean	Combat",
  "AutoRoboTrimp	value	Combat",
  "fightforever	value	Combat",
  "addpoison	boolean	Combat",
  "fullice	boolean	Combat",
  "45stacks	boolean	Combat",
  "Rfightforever	value	Combat",
  "Rcalcmaxequality	multitoggle	Combat",
  "Rmanageequality	boolean	Combat",
  "Rcalcfrenzy	boolean	Combat",
  "Rmutecalc	value	Combat",
  "UseScryerStance	boolean	Scryer",
  "ScryerUseWhenOverkill	boolean	Scryer",
  "ScryerMinZone	value	Scryer",
  "ScryerMaxZone	value	Scryer",
  "onlyminmaxworld	boolean	Scryer",
  "ScryerUseinMaps2	multitoggle	Scryer",
  "ScryerUseinVoidMaps2	multitoggle	Scryer",
  "ScryerUseinPMaps	multitoggle	Scryer",
  "ScryerUseinBW	multitoggle	Scryer",
  "ScryerUseinSpire2	multitoggle	Scryer",
  "ScryerSkipBoss2	multitoggle	Scryer",
  "ScryerSkipCorrupteds2	multitoggle	Scryer",
  "ScryerSkipHealthy	multitoggle	Scryer",
  "ScryUseinPoison	value	Scryer",
  "ScryUseinWind	value	Scryer",
  "ScryUseinIce	value	Scryer",
  "ScryerDieZ	value	Scryer",
  "screwessence	boolean	Scryer",
  "UseAutoGen	boolean	Magma",
  "beforegen	multitoggle	Magma",
  "fuellater	value	Magma",
  "fuelend	value	Magma",
  "defaultgen	multitoggle	Magma",
  "AutoGenDC	multitoggle	Magma",
  "AutoGenC2	multitoggle	Magma",
  "spendmagmite	multitoggle	Magma",
  "ratiospend	boolean	Magma",
  "effratio	value	Magma",
  "capratio	value	Magma",
  "supratio	value	Magma",
  "ocratio	value	Magma",
  "SupplyWall	valueNegative	Magma",
  "spendmagmitesetting	multitoggle	Magma",
  "MagmiteExplain	infoclick	Magma",
  "highdmg	textValue	Heirlooms",
  "lowdmg	textValue	Heirlooms",
  "Rhs	boolean	Heirlooms",
  "Rhsshield	boolean	Heirlooms",
  "Rhsz	value	Heirlooms",
  "Rhs1	textValue	Heirlooms",
  "Rhs2	textValue	Heirlooms",
  "Rhsstaff	boolean	Heirlooms",
  "Rhsworldstaff	textValue	Heirlooms",
  "Rhsmapstaff	textValue	Heirlooms",
  "Rhstributestaff	textValue	Heirlooms",
  "autoheirlooms	boolean	Heirlooms",
  "typetokeep	multitoggle	Heirlooms",
  "raretokeep	dropdown	Heirlooms",
  "keepshields	boolean	Heirlooms",
  "slot1modsh	dropdown	Heirlooms",
  "slot2modsh	dropdown	Heirlooms",
  "slot3modsh	dropdown	Heirlooms",
  "slot4modsh	dropdown	Heirlooms",
  "slot5modsh	dropdown	Heirlooms",
  "slot6modsh	dropdown	Heirlooms",
  "slot7modsh	dropdown	Heirlooms",
  "keepstaffs	boolean	Heirlooms",
  "slot1modst	dropdown	Heirlooms",
  "slot2modst	dropdown	Heirlooms",
  "slot3modst	dropdown	Heirlooms",
  "slot4modst	dropdown	Heirlooms",
  "slot5modst	dropdown	Heirlooms",
  "slot6modst	dropdown	Heirlooms",
  "slot7modst	dropdown	Heirlooms",
  "keepcores	boolean	Heirlooms",
  "slot1modcr	dropdown	Heirlooms",
  "slot2modcr	dropdown	Heirlooms",
  "slot3modcr	dropdown	Heirlooms",
  "slot4modcr	dropdown	Heirlooms",
  "AutoGoldenUpgrades	dropdown	Golden",
  "dAutoGoldenUpgrades	dropdown	Golden",
  "cAutoGoldenUpgrades	dropdown	Golden",
  "voidheliumbattle	value	Golden",
  "dvoidheliumbattle	value	Golden",
  "radonbattle	value	Golden",
  "dradonbattle	value	Golden",
  "battleradon	value	Golden",
  "dbattleradon	value	Golden",
  "RAutoGoldenUpgrades	dropdown	Golden",
  "RdAutoGoldenUpgrades	dropdown	Golden",
  "RcAutoGoldenUpgrades	dropdown	Golden",
  "Rvoidheliumbattle	value	Golden",
  "Rdvoidheliumbattle	value	Golden",
  "Rradonbattle	value	Golden",
  "Rdradonbattle	value	Golden",
  "Rbattleradon	value	Golden",
  "Rdbattleradon	value	Golden",
  "RAB	boolean	SA",
  "RABpreset	boolean	SA",
  "RABdustsimple	multitoggle	SA",
  "RABfarm	boolean	SA",
  "RABfarmswitch	boolean	SA",
  "RABfarmstring	textValue	SA",
  "RABsolve	boolean	SA",
  "AutoNatureTokens	boolean	Nature",
  "tokenthresh	value	Nature",
  "AutoPoison	dropdown	Nature",
  "AutoWind	dropdown	Nature",
  "AutoIce	dropdown	Nature",
  "autoenlight	boolean	Nature",
  "pfillerenlightthresh	value	Nature",
  "wfillerenlightthresh	value	Nature",
  "ifillerenlightthresh	value	Nature",
  "pdailyenlightthresh	value	Nature",
  "wdailyenlightthresh	value	Nature",
  "idailyenlightthresh	value	Nature",
  "pc2enlightthresh	value	Nature",
  "wc2enlightthresh	value	Nature",
  "ic2enlightthresh	value	Nature",
  "zonetracker	value	Display",
  "EnhanceGrids	boolean	Display",
  "showbreedtimer	boolean	Display",
  "showautomapstatus	boolean	Display",
  "Rshowautomapstatus	boolean	Display",
  "EnableAFK	action	Display",
  "ChangeLog	action	Display",
  "SpamGeneral	boolean	Display",
  "SpamUpgrades	boolean	Display",
  "SpamEquipment	boolean	Display",
  "SpamMaps	boolean	Display",
  "SpamOther	boolean	Display",
  "SpamBuilding	boolean	Display",
  "SpamJobs	boolean	Display",
  "SpamGraphs	boolean	Display",
  "SpamMagmite	boolean	Display",
  "SpamPerks	boolean	Display",
  "SpamNature	boolean	Display",
  "ImportAutoTrimps	infoclick	Import Export",
  "ExportAutoTrimps	infoclick	Import Export",
  "DefaultAutoTrimps	infoclick	Import Export",
  "Export60	infoclick	Import Export",
  "Export550	infoclick	Import Export",
  "CleanupAutoTrimps	infoclick	Import Export",
]
`;
